Windows PowerShell
Copyright (C) Microsoft Corporation. All rights reserved.

Install the latest PowerShell for new features and improvements! https://aka.ms/PSWindows

PS D:\Academic\semester 05\Business Application Development\07 week\My-project> git init
Initialized empty Git repository in D:/Academic/semester 05/Business Application Development/07 week/My-project/.git/
PS D:\Academic\semester 05\Business Application Development\07 week\My-project> git status
On branch master

No commits yet

nothing to commit (create/copy files and use "git add" to track)
PS D:\Academic\semester 05\Business Application Development\07 week\My-project> git status
On branch master

No commits yet

nothing to commit (create/copy files and use "git add" to track)
PS D:\Academic\semester 05\Business Application Development\07 week\My-project> git status
On branch master

No commits yet

Untracked files:
  (use "git add <file>..." to include in what will be committed)
        README.txt

nothing added to commit but untracked files present (use "git add" to track)
PS D:\Academic\semester 05\Business Application Development\07 week\My-project> git add README.txt
PS D:\Academic\semester 05\Business Application Development\07 week\My-project> git add
Nothing specified, nothing added.
hint: Maybe you wanted to say 'git add .'?
hint: Disable this message with "git config advice.addEmptyPathspec false"
PS D:\Academic\semester 05\Business Application Development\07 week\My-project> git add .
PS D:\Academic\semester 05\Business Application Development\07 week\My-project> git status
On branch master

No commits yet

Changes to be committed:
  (use "git rm --cached <file>..." to unstage)
        new file:   README.txt

PS D:\Academic\semester 05\Business Application Development\07 week\My-project> git status
On branch master

No commits yet

Changes to be committed:
  (use "git rm --cached <file>..." to unstage)
        new file:   README.txt

Changes not staged for commit:
  (use "git add <file>..." to update what will be committed)
  (use "git restore <file>..." to discard changes in working directory)
        modified:   README.txt

PS D:\Academic\semester 05\Business Application Development\07 week\My-project> git add .
PS D:\Academic\semester 05\Business Application Development\07 week\My-project> git status
On branch master

No commits yet

Changes to be committed:
  (use "git rm --cached <file>..." to unstage)
        new file:   README.txt

PS D:\Academic\semester 05\Business Application Development\07 week\My-project> git commit -m "My first commit with readme file"
[master (root-commit) 038c91b] My first commit with readme file
 1 file changed, 1 insertion(+)
 create mode 100644 README.txt
PS D:\Academic\semester 05\Business Application Development\07 week\My-project> git remote add origin https://github.com/RumeshDilshan/My-project.git
PS D:\Academic\semester 05\Business Application Development\07 week\My-project> git push -u origin master
info: please complete authentication in your browser...
Enumerating objects: 3, done.
Counting objects: 100% (3/3), done.
Delta compression using up to 8 threads
Compressing objects: 100% (2/2), done.
Writing objects: 100% (3/3), 305 bytes | 101.00 KiB/s, done.
Total 3 (delta 0), reused 0 (delta 0), pack-reused 0 (from 0)
To https://github.com/RumeshDilshan/My-project.git
 * [new branch]      master -> master
branch 'master' set up to track 'origin/master'.
PS D:\Academic\semester 05\Business Application Development\07 week\My-project>

I want to be a great personal financial consultant and professional Business Analysts. 
